// Jest Snapshot v1, https://goo.gl/fbAQLP

exports[`renders correctly 1`] = `
<View
  style={
    Array [
      Object {
        "alignItems": "center",
        "borderBottomColor": "#eee",
        "borderBottomWidth": 1,
        "flexDirection": "row",
        "justifyContent": "space-between",
        "maxWidth": 400,
        "paddingBottom": 20,
        "paddingLeft": 0,
        "paddingRight": 0,
        "paddingTop": 20,
      },
    ]
  }
>
  <Image
    source={
      Object {
        "uri": "https://upload.wikimedia.org/wikipedia/commons/thumb/5/5a/J._R._R._Tolkien.jpg/220px-J._R._R._Tolkien.jpg",
      }
    }
    style={
      Array [
        Object {
          "height": 120,
          "width": 80,
        },
      ]
    }
  />
  <View
    style={
      Array [
        Object {
          "marginLeft": 20,
          "maxWidth": 200,
        },
      ]
    }
  >
    <Text
      style={
        Array [
          Object {
            "color": "#333",
            "fontSize": 18,
            "fontWeight": "bold",
          },
        ]
      }
    >
      J. R. R. Tolkien
    </Text>
    <Text
      style={
        Array [
          Object {
            "color": "#333",
            "fontSize": 14,
          },
        ]
      }
    >
      Data de nascimento: 
      1892
    </Text>
  </View>
  <View
    style={
      Array [
        Object {
          "alignItems": "center",
          "justifyContent": "space-between",
          "width": 100,
        },
      ]
    }
  >
    <View
      accessible={true}
      collapsable={false}
      focusable={true}
      onClick={[Function]}
      onResponderGrant={[Function]}
      onResponderMove={[Function]}
      onResponderRelease={[Function]}
      onResponderTerminate={[Function]}
      onResponderTerminationRequest={[Function]}
      onStartShouldSetResponder={[Function]}
      style={
        Object {
          "alignItems": "center",
          "borderRadius": 20,
          "height": 40,
          "justifyContent": "center",
          "marginBottom": 10,
          "opacity": 1,
          "width": 40,
        }
      }
    >
      <Text />
    </View>
    <View
      accessible={true}
      collapsable={false}
      focusable={true}
      onClick={[Function]}
      onResponderGrant={[Function]}
      onResponderMove={[Function]}
      onResponderRelease={[Function]}
      onResponderTerminate={[Function]}
      onResponderTerminationRequest={[Function]}
      onStartShouldSetResponder={[Function]}
      style={
        Object {
          "alignItems": "center",
          "borderRadius": 20,
          "height": 40,
          "justifyContent": "center",
          "marginBottom": 10,
          "opacity": 1,
          "width": 40,
        }
      }
    >
      <Text />
    </View>
  </View>
</View>
`;
